loading train-split scenarios per topology to fit signature libraries...
  golden-reference: signature artifact ready in 0.0s (cache_hit=True)
  branched-loop: signature artifact ready in 10.4s (cache_hit=False)
  loop-grid: signature artifact ready in 12.6s (cache_hit=False)
validated topology hashes: 3
processing 9000 scenarios from split=train (0 already done)
  25/9000 done, 2.00/s
  50/9000 done, 1.99/s
  75/9000 done, 1.98/s
  100/9000 done, 1.91/s
  125/9000 done, 1.91/s
  150/9000 done, 1.92/s
  175/9000 done, 1.92/s
  200/9000 done, 1.92/s
  225/9000 done, 1.92/s
  250/9000 done, 1.92/s
  275/9000 done, 1.91/s
  300/9000 done, 1.90/s
  325/9000 done, 1.90/s
  350/9000 done, 1.90/s
  375/9000 done, 1.90/s
  400/9000 done, 1.90/s
  425/9000 done, 1.91/s
  450/9000 done, 1.91/s
  475/9000 done, 1.89/s
  500/9000 done, 1.89/s
  525/9000 done, 1.90/s
  550/9000 done, 1.90/s
  575/9000 done, 1.90/s
  600/9000 done, 1.90/s
  625/9000 done, 1.90/s
  650/9000 done, 1.90/s
  675/9000 done, 1.89/s
  700/9000 done, 1.89/s
  725/9000 done, 1.89/s
  750/9000 done, 1.89/s
  775/9000 done, 1.89/s
  800/9000 done, 1.90/s
  825/9000 done, 1.90/s
  850/9000 done, 1.89/s
  875/9000 done, 1.89/s
  900/9000 done, 1.89/s
  925/9000 done, 1.89/s
  950/9000 done, 1.89/s
  975/9000 done, 1.89/s
  1000/9000 done, 1.89/s
  1025/9000 done, 1.89/s
  1050/9000 done, 1.88/s
  1075/9000 done, 1.88/s
  1100/9000 done, 1.88/s
  1125/9000 done, 1.89/s
  1150/9000 done, 1.89/s
  1175/9000 done, 1.89/s
  1200/9000 done, 1.89/s
  1225/9000 done, 1.89/s
  1250/9000 done, 1.88/s
  1275/9000 done, 1.88/s
  1300/9000 done, 1.88/s
  1325/9000 done, 1.88/s
  1350/9000 done, 1.88/s
  1375/9000 done, 1.89/s
  1400/9000 done, 1.89/s
  1425/9000 done, 1.88/s
  1450/9000 done, 1.88/s
  1475/9000 done, 1.88/s
  1500/9000 done, 1.88/s
  1525/9000 done, 1.88/s
  1550/9000 done, 1.88/s
  1575/9000 done, 1.88/s
  1600/9000 done, 1.88/s
  1625/9000 done, 1.88/s
  1650/9000 done, 1.88/s
  1675/9000 done, 1.88/s
  1700/9000 done, 1.88/s
  1725/9000 done, 1.88/s
  1750/9000 done, 1.88/s
  1775/9000 done, 1.88/s
  1800/9000 done, 1.88/s
  1825/9000 done, 1.88/s
  1850/9000 done, 1.88/s
  1875/9000 done, 1.88/s
  1900/9000 done, 1.88/s
  1925/9000 done, 1.88/s
  1950/9000 done, 1.88/s
  1975/9000 done, 1.88/s
  2000/9000 done, 1.88/s
  2025/9000 done, 1.88/s
  2050/9000 done, 1.88/s
  2075/9000 done, 1.88/s
  2100/9000 done, 1.88/s
  2125/9000 done, 1.88/s
  2150/9000 done, 1.88/s
  2175/9000 done, 1.88/s
  2200/9000 done, 1.88/s
  2225/9000 done, 1.88/s
  2250/9000 done, 1.88/s
  2275/9000 done, 1.88/s
  2300/9000 done, 1.88/s
  2325/9000 done, 1.88/s
  2350/9000 done, 1.88/s
  2375/9000 done, 1.88/s
  2400/9000 done, 1.88/s
  2425/9000 done, 1.88/s
  2450/9000 done, 1.88/s
  2475/9000 done, 1.88/s
  2500/9000 done, 1.88/s
  2525/9000 done, 1.88/s
  2550/9000 done, 1.89/s
  2575/9000 done, 1.88/s
  2600/9000 done, 1.88/s
  2625/9000 done, 1.88/s
  2650/9000 done, 1.88/s
  2675/9000 done, 1.88/s
  2700/9000 done, 1.88/s
  2725/9000 done, 1.88/s
  2750/9000 done, 1.88/s
  2775/9000 done, 1.88/s
  2800/9000 done, 1.88/s
  2825/9000 done, 1.88/s
  2850/9000 done, 1.88/s
  2875/9000 done, 1.88/s
  2900/9000 done, 1.88/s
  2925/9000 done, 1.88/s
  2950/9000 done, 1.88/s
  2975/9000 done, 1.88/s
  3000/9000 done, 1.88/s
  3025/9000 done, 1.89/s
  3050/9000 done, 1.89/s
  3075/9000 done, 1.89/s
  3100/9000 done, 1.89/s
  3125/9000 done, 1.90/s
  3150/9000 done, 1.90/s
  3175/9000 done, 1.90/s
  3200/9000 done, 1.91/s
  3225/9000 done, 1.91/s
  3250/9000 done, 1.91/s
  3275/9000 done, 1.92/s
  3300/9000 done, 1.92/s
  3325/9000 done, 1.92/s
  3350/9000 done, 1.92/s
  3375/9000 done, 1.93/s
  3400/9000 done, 1.93/s
  3425/9000 done, 1.93/s
  3450/9000 done, 1.94/s
  3475/9000 done, 1.94/s
  3500/9000 done, 1.94/s
  3525/9000 done, 1.94/s
  3550/9000 done, 1.94/s
  3575/9000 done, 1.95/s
  3600/9000 done, 1.95/s
  3625/9000 done, 1.95/s
  3650/9000 done, 1.96/s
  3675/9000 done, 1.96/s
  3700/9000 done, 1.96/s
  3725/9000 done, 1.96/s
  3750/9000 done, 1.97/s
  3775/9000 done, 1.97/s
  3800/9000 done, 1.97/s
  3825/9000 done, 1.98/s
  3850/9000 done, 1.98/s
  3875/9000 done, 1.98/s
  3900/9000 done, 1.98/s
  3925/9000 done, 1.98/s
  3950/9000 done, 1.98/s
  3975/9000 done, 1.98/s
  4000/9000 done, 1.99/s
  4025/9000 done, 1.99/s
  4050/9000 done, 1.99/s
  4075/9000 done, 1.99/s
  4100/9000 done, 2.00/s
  4125/9000 done, 2.00/s
  4150/9000 done, 2.00/s
  4175/9000 done, 2.00/s
  4200/9000 done, 2.00/s
  4225/9000 done, 2.01/s
  4250/9000 done, 2.01/s
  4275/9000 done, 2.01/s
  4300/9000 done, 2.01/s
  4325/9000 done, 2.01/s
  4350/9000 done, 2.01/s
  4375/9000 done, 2.02/s
  4400/9000 done, 2.02/s
  4425/9000 done, 2.02/s
  4450/9000 done, 2.02/s
  4475/9000 done, 2.03/s
  4500/9000 done, 2.03/s
  4525/9000 done, 2.03/s
  4550/9000 done, 2.03/s
  4575/9000 done, 2.03/s
  4600/9000 done, 2.04/s
  4625/9000 done, 2.04/s
  4650/9000 done, 2.04/s
  4675/9000 done, 2.04/s
  4700/9000 done, 2.04/s
  4725/9000 done, 2.04/s
  4750/9000 done, 2.04/s
  4775/9000 done, 2.04/s
  4800/9000 done, 2.05/s
  4825/9000 done, 2.05/s
  4850/9000 done, 2.05/s
  4875/9000 done, 2.05/s
  4900/9000 done, 2.05/s
  4925/9000 done, 2.06/s
  4950/9000 done, 2.06/s
  4975/9000 done, 2.06/s
  5000/9000 done, 2.06/s
  5025/9000 done, 2.06/s
  5050/9000 done, 2.06/s
  5075/9000 done, 2.06/s
  5100/9000 done, 2.07/s
  5125/9000 done, 2.07/s
  5150/9000 done, 2.07/s
  5175/9000 done, 2.07/s
  5200/9000 done, 2.07/s
  5225/9000 done, 2.07/s
  5250/9000 done, 2.08/s
  5275/9000 done, 2.08/s
  5300/9000 done, 2.08/s
  5325/9000 done, 2.08/s
  5350/9000 done, 2.08/s
  5375/9000 done, 2.08/s
  5400/9000 done, 2.09/s
  5425/9000 done, 2.09/s
  5450/9000 done, 2.09/s
  5475/9000 done, 2.09/s
  5500/9000 done, 2.09/s
  5525/9000 done, 2.09/s
  5550/9000 done, 2.09/s
  5575/9000 done, 2.09/s
  5600/9000 done, 2.09/s
  5625/9000 done, 2.09/s
  5650/9000 done, 2.10/s
  5675/9000 done, 2.10/s
  5700/9000 done, 2.10/s
  5725/9000 done, 2.10/s
  5750/9000 done, 2.10/s
  5775/9000 done, 2.10/s
  5800/9000 done, 2.10/s
  5825/9000 done, 2.10/s
  5850/9000 done, 2.10/s
  5875/9000 done, 2.11/s
  5900/9000 done, 2.11/s
  5925/9000 done, 2.11/s
  5950/9000 done, 2.11/s
  5975/9000 done, 2.11/s
  6000/9000 done, 2.11/s
  6025/9000 done, 2.11/s
  6050/9000 done, 2.11/s
  6075/9000 done, 2.11/s
  6100/9000 done, 2.11/s
  6125/9000 done, 2.11/s
  6150/9000 done, 2.11/s
  6175/9000 done, 2.11/s
  6200/9000 done, 2.11/s
  6225/9000 done, 2.11/s
  6250/9000 done, 2.11/s
  6275/9000 done, 2.11/s
  6300/9000 done, 2.11/s
  6325/9000 done, 2.11/s
  6350/9000 done, 2.12/s
  6375/9000 done, 2.11/s
  6400/9000 done, 2.12/s
  6425/9000 done, 2.12/s
  6450/9000 done, 2.12/s
  6475/9000 done, 2.12/s
  6500/9000 done, 2.12/s
  6525/9000 done, 2.12/s
  6550/9000 done, 2.12/s
  6575/9000 done, 2.12/s
  6600/9000 done, 2.12/s
  6625/9000 done, 2.12/s
  6650/9000 done, 2.12/s
  6675/9000 done, 2.12/s
  6700/9000 done, 2.12/s
  6725/9000 done, 2.12/s
  6750/9000 done, 2.12/s
  6775/9000 done, 2.12/s
  6800/9000 done, 2.12/s
  6825/9000 done, 2.12/s
  6850/9000 done, 2.12/s
  6875/9000 done, 2.12/s
  6900/9000 done, 2.12/s
  6925/9000 done, 2.12/s
  6950/9000 done, 2.12/s
  6975/9000 done, 2.12/s
  7000/9000 done, 2.12/s
  7025/9000 done, 2.12/s
  7050/9000 done, 2.12/s
  7075/9000 done, 2.12/s
  7100/9000 done, 2.12/s
  7125/9000 done, 2.12/s
  7150/9000 done, 2.13/s
  7175/9000 done, 2.13/s
  7200/9000 done, 2.12/s
  7225/9000 done, 2.13/s
  7250/9000 done, 2.13/s
  7275/9000 done, 2.13/s
  7300/9000 done, 2.13/s
  7325/9000 done, 2.13/s
  7350/9000 done, 2.13/s
  7375/9000 done, 2.13/s
  7400/9000 done, 2.13/s
  7425/9000 done, 2.13/s
  7450/9000 done, 2.13/s
  7475/9000 done, 2.13/s
  7500/9000 done, 2.13/s
  7525/9000 done, 2.13/s
  7550/9000 done, 2.13/s
  7575/9000 done, 2.13/s
  7600/9000 done, 2.13/s
  7625/9000 done, 2.13/s
  7650/9000 done, 2.13/s
  7675/9000 done, 2.13/s
  7700/9000 done, 2.13/s
  7725/9000 done, 2.13/s
  7750/9000 done, 2.13/s
  7775/9000 done, 2.13/s
  7800/9000 done, 2.13/s
  7825/9000 done, 2.13/s
  7850/9000 done, 2.13/s
  7875/9000 done, 2.13/s
  7900/9000 done, 2.13/s
  7925/9000 done, 2.13/s
  7950/9000 done, 2.13/s
  7975/9000 done, 2.13/s
  8000/9000 done, 2.13/s
  8025/9000 done, 2.14/s
  8050/9000 done, 2.13/s
  8075/9000 done, 2.14/s
  8100/9000 done, 2.14/s
  8125/9000 done, 2.14/s
  8150/9000 done, 2.14/s
  8175/9000 done, 2.14/s
  8200/9000 done, 2.14/s
  8225/9000 done, 2.14/s
  8250/9000 done, 2.14/s
  8275/9000 done, 2.14/s
  8300/9000 done, 2.14/s
  8325/9000 done, 2.14/s
  8350/9000 done, 2.14/s
  8375/9000 done, 2.14/s
  8400/9000 done, 2.14/s
  8425/9000 done, 2.14/s
  8450/9000 done, 2.14/s
  8475/9000 done, 2.14/s
  8500/9000 done, 2.14/s
  8525/9000 done, 2.14/s
  8550/9000 done, 2.14/s
  8575/9000 done, 2.14/s
  8600/9000 done, 2.14/s
  8625/9000 done, 2.14/s
  8650/9000 done, 2.14/s
  8675/9000 done, 2.14/s
  8700/9000 done, 2.14/s
  8725/9000 done, 2.14/s
  8750/9000 done, 2.14/s
  8775/9000 done, 2.14/s
  8800/9000 done, 2.14/s
  8825/9000 done, 2.14/s
  8850/9000 done, 2.14/s
  8875/9000 done, 2.14/s
  8900/9000 done, 2.14/s
  8925/9000 done, 2.14/s
  8950/9000 done, 2.14/s
  8975/9000 done, 2.14/s
  9000/9000 done, 2.14/s
wrote 9000 new records (0 errors) to data/learning-v2/cycle-b2-trajectories/train.jsonl
report: data/learning-v2/cycle-b2-trajectories/train-report.json
